Enter password: *********
Welcome to the MySQL monitor.  Commands end with ; or \g.
Your MySQL connection id is 31
Server version: 8.0.30 MySQL Community Server - GPL

Copyright (c) 2000, 2022, Oracle and/or its affiliates.

Oracle is a registered trademark of Oracle Corporation and/or its
affiliates. Other names may be trademarks of their respective
owners.

Type 'help;' or '\h' for help. Type '\c' to clear the current input statement.

mysql> create database evaluation4;
Query OK, 1 row affected (0.01 sec)

mysql> use evaluation4;
Database changed
mysql> create table Student
    ->      (
    ->       roll int primary key,
    ->       name varchar(12) not null,
    ->       address varchar(12) not null,
    ->       mobile varchar(10) not null
    ->      );
Query OK, 0 rows affected (0.03 sec)

mysql> create table Course
    ->      (
    ->      cid int primary key,
    ->      cname varchar(12) not null,
    ->      fee int not null,
    ->      duration varchar(12) not null
    ->      );
Query OK, 0 rows affected (0.03 sec)

mysql> desc student;
+---------+-------------+------+-----+---------+-------+
| Field   | Type        | Null | Key | Default | Extra |
+---------+-------------+------+-----+---------+-------+
| roll    | int         | NO   | PRI | NULL    |       |
| name    | varchar(12) | NO   |     | NULL    |       |
| address | varchar(12) | NO   |     | NULL    |       |
| mobile  | varchar(10) | NO   |     | NULL    |       |
+---------+-------------+------+-----+---------+-------+
4 rows in set (0.01 sec)

mysql> desc course ;
+----------+-------------+------+-----+---------+-------+
| Field    | Type        | Null | Key | Default | Extra |
+----------+-------------+------+-----+---------+-------+
| cid      | int         | NO   | PRI | NULL    |       |
| cname    | varchar(12) | NO   |     | NULL    |       |
| fee      | int         | NO   |     | NULL    |       |
| duration | varchar(12) | NO   |     | NULL    |       |
+----------+-------------+------+-----+---------+-------+
4 rows in set (0.01 sec)

mysql> create table Student_Course
    ->      (
    ->     roll int,
    ->      cid int,
    ->      foreign key (roll) references Student(roll),
    ->    foreign key (cid) references Course (cid)
    ->     )
    -> ;
Query OK, 0 rows affected (0.12 sec)

mysql> create table Student_Course
    ->      (
    ->      roll int,
    ->      cid int,
    ->      foreign key (roll) references Student(roll),
    ->      foreign key (cid) references Course (cid)
    ->     );
ERROR 1050 (42S01): Table 'student_course' already exists
mysql> desc Student_Course;
+-------+------+------+-----+---------+-------+
| Field | Type | Null | Key | Default | Extra |
+-------+------+------+-----+---------+-------+
| roll  | int  | YES  | MUL | NULL    |       |
| cid   | int  | YES  | MUL | NULL    |       |
+-------+------+------+-----+---------+-------+
2 rows in set (0.00 sec)

mysql>